
> frontend@0.1.0 build
> react-scripts build

Creating an optimized production build...
Failed to compile.

Attempted import error: 'getPedidos' is not exported from '../services/api' (imported as 'getPedidos').


